\\Mac\Google Drive\Institute\Industry 40\Sensors\rebelS1\Logical\Global.typ
\\Mac\Google Drive\Institute\Industry 40\Sensors\rebelS1\Logical\Global.var
\\Mac\Google Drive\Institute\Industry 40\Sensors\rebelS1\Logical\Libraries\operator\operator.fun
\\Mac\Google Drive\Institute\Industry 40\Sensors\rebelS1\Logical\Libraries\operator\operator.typ
\\Mac\Google Drive\Institute\Industry 40\Sensors\rebelS1\Logical\Libraries\operator\operator.var
\\Mac\Google Drive\Institute\Industry 40\Sensors\rebelS1\Logical\Libraries\runtime\runtime.fun
\\Mac\Google Drive\Institute\Industry 40\Sensors\rebelS1\Logical\Libraries\runtime\runtime.typ
\\Mac\Google Drive\Institute\Industry 40\Sensors\rebelS1\Logical\Libraries\runtime\runtime.var
\\Mac\Google Drive\Institute\Industry 40\Sensors\rebelS1\Logical\Libraries\astime\astime.fun
\\Mac\Google Drive\Institute\Industry 40\Sensors\rebelS1\Logical\Libraries\astime\astime.typ
\\Mac\Google Drive\Institute\Industry 40\Sensors\rebelS1\Logical\Libraries\astime\astime.var
\\Mac\Google Drive\Institute\Industry 40\Sensors\rebelS1\Logical\Libraries\AsIecCon\AsIecCon.fun
\\Mac\Google Drive\Institute\Industry 40\Sensors\rebelS1\Logical\Libraries\AsIecCon\AsIecCon.typ
\\Mac\Google Drive\Institute\Industry 40\Sensors\rebelS1\Logical\Libraries\AsIecCon\AsIecCon.var
\\Mac\Google Drive\Institute\Industry 40\Sensors\rebelS1\Logical\Libraries\AsUDP\AsUDP.fun
\\Mac\Google Drive\Institute\Industry 40\Sensors\rebelS1\Logical\Libraries\AsUDP\AsUDP.typ
\\Mac\Google Drive\Institute\Industry 40\Sensors\rebelS1\Logical\Libraries\AsUDP\AsUDP.var
\\Mac\Google Drive\Institute\Industry 40\Sensors\rebelS1\Logical\Libraries\ComauLib\Types.typ
\\Mac\Google Drive\Institute\Industry 40\Sensors\rebelS1\Logical\Libraries\ComauLib\Constants.var
\\Mac\Google Drive\Institute\Industry 40\Sensors\rebelS1\Logical\Libraries\ComauLib\ComauLib.fun
\\Mac\Google Drive\Institute\Industry 40\Sensors\rebelS1\Logical\Libraries\asstring\asstring.fun
\\Mac\Google Drive\Institute\Industry 40\Sensors\rebelS1\Logical\Libraries\asstring\asstring.typ
\\Mac\Google Drive\Institute\Industry 40\Sensors\rebelS1\Logical\Libraries\asstring\asstring.var
